// Jest Snapshot v1, https://goo.gl/fbAQLP

exports[`Search component matches snapshot DOM node structure 1`] = `
<DocumentFragment>
  <div
    class="py-5 mx-2"
  >
    <form
      class="mt-1 flex rounded-md shadow-sm"
    >
      <input
        class="pl-4 py-2 focus:ring-indigo-500 focus:border-indigo-500 w-full sm:text-sm border-gray-300"
        id="query"
        name="query"
        placeholder="Search"
        type="text"
      />
      <button
        aria-expanded="true"
        aria-haspopup="true"
        class="px-4 py-2 bg-blue-400 border-2 border-blue-400 text-sm text-white hover:bg-blue-700 focus:outline-none focus:ring-2 focus:ring-offset-2"
        id="options-menu"
        type="submit"
      >
        <svg
          fill="currentColor"
          height="1em"
          stroke="currentColor"
          stroke-width="0"
          viewBox="0 0 24 24"
          width="1em"
          xmlns="http://www.w3.org/2000/svg"
        >
          <path
            d="M10 18a7.952 7.952 0 0 0 4.897-1.688l4.396 4.396 1.414-1.414-4.396-4.396A7.952 7.952 0 0 0 18 10c0-4.411-3.589-8-8-8s-8 3.589-8 8 3.589 8 8 8zm0-14c3.309 0 6 2.691 6 6s-2.691 6-6 6-6-2.691-6-6 2.691-6 6-6z"
          />
        </svg>
      </button>
      <div
        class="flex items-center"
      >
        <div>
          <button
            aria-expanded="true"
            aria-haspopup="true"
            class="justify-center px-4 py-2 bg-teal-500 border-2 border-teal-500 text-sm text-white hover:bg-blue-700 focus:outline-none focus:ring-2 focus:ring-offset-2 flex items-center"
            id="options-menu"
            type="button"
          >
            Sort By 
            <svg
              class="ml-2"
              fill="currentColor"
              height="1em"
              stroke="currentColor"
              stroke-width="0"
              viewBox="0 0 24 24"
              width="1em"
              xmlns="http://www.w3.org/2000/svg"
            >
              <path
                d="m11.998 17 7-8h-14z"
              />
            </svg>
          </button>
        </div>
      </div>
    </form>
  </div>
</DocumentFragment>
`;
